=== Testing pipeline=detector_ocr ===
HTTP Status: 200
request_id      : a4547abf
filename        : Consent_Form_Final_2607.pdf
total_pages     : 1
masked_pdf_path : C:\Users\Naveen.r\field_detection\output\masked\masked_9aa2cd0d.pdf
processing_time : 3.945 s

  Page 1: 231 fields | proposals=231 | source=detector_ocr
  OCR direction : LTR

  Field type summary:
    checkbox: 14
    text_box: 217
